2026-09-12 15:34:22,599 - INFO -> Программа запущенна.
2026-09-12 15:34:22,599 - DEBUG -> Начало цикла.
2026-09-12 15:34:22,599 - INFO -> Функция get_information() успешно запущенна.
2026-09-12 15:34:37,686 - INFO -> Успешный ввод данных.
2026-09-12 15:34:37,686 - INFO -> Функция add_inforamtion() успешно запущенна.
2026-09-12 15:34:37,686 - INFO -> Данные успешно переданы в функцию save_inf().
2026-09-12 15:34:37,686 - INFO -> Функция save_inf() успешно запущенна.
2026-09-12 15:34:37,687 - INFO -> Данные сохранены успешно

2026-09-12 15:34:39,270 - INFO -> Функция get_information() успешно запущенна.
2026-09-12 15:34:50,144 - INFO -> Успешный ввод данных.
2026-09-12 15:34:50,144 - INFO -> Функция add_inforamtion() успешно запущенна.
2026-09-12 15:34:50,144 - INFO -> Данные успешно переданы в функцию save_inf().
2026-09-12 15:34:50,144 - INFO -> Функция save_inf() успешно запущенна.
2026-09-12 15:34:50,144 - INFO -> Данные сохранены успешно

2026-09-12 15:34:51,320 - INFO -> Функция get_information() успешно запущенна.
2026-09-12 15:35:03,450 - INFO -> Успешный ввод данных.
2026-09-12 15:35:03,450 - INFO -> Функция add_inforamtion() успешно запущенна.
2026-09-12 15:35:03,450 - INFO -> Данные успешно переданы в функцию save_inf().
2026-09-12 15:35:03,450 - INFO -> Функция save_inf() успешно запущенна.
2026-09-12 15:35:03,450 - INFO -> Данные сохранены успешно

2026-09-12 15:35:04,442 - INFO -> Цикл упешно вывел данные объектов класса.
2026-09-12 15:35:04,442 - INFO -> Программа завершенна.
